
> ullebets-vecel@0.1.0 build
> next build --turbopack

[baseline-browser-mapping] The data in this module is over two months old.  To ensure accurate Baseline data, please update: `npm i baseline-browser-mapping@latest -D`
   ▲ Next.js 16.0.7 (Turbopack)
   - Environments: .env.local

   Creating an optimized production build ...
[baseline-browser-mapping] The data in this module is over two months old.  To ensure accurate Baseline data, please update: `npm i baseline-browser-mapping@latest -D`
 ✓ Compiled successfully in 20.5s
   Running TypeScript ...
   Collecting page data using 7 workers ...
[baseline-browser-mapping] The data in this module is over two months old.  To ensure accurate Baseline data, please update: `npm i baseline-browser-mapping@latest -D`
[baseline-browser-mapping] The data in this module is over two months old.  To ensure accurate Baseline data, please update: `npm i baseline-browser-mapping@latest -D`
[baseline-browser-mapping] The data in this module is over two months old.  To ensure accurate Baseline data, please update: `npm i baseline-browser-mapping@latest -D`
[baseline-browser-mapping] The data in this module is over two months old.  To ensure accurate Baseline data, please update: `npm i baseline-browser-mapping@latest -D`
[baseline-browser-mapping] The data in this module is over two months old.  To ensure accurate Baseline data, please update: `npm i baseline-browser-mapping@latest -D`
[baseline-browser-mapping] The data in this module is over two months old.  To ensure accurate Baseline data, please update: `npm i baseline-browser-mapping@latest -D`
[baseline-browser-mapping] The data in this module is over two months old.  To ensure accurate Baseline data, please update: `npm i baseline-browser-mapping@latest -D`
Unibet auto: loaded league config Premier League, La Liga, Bundesliga, Serie A, Brasileirão Série A, Ligue 1, A-League Men
Unibet auto: loaded league config Premier League, La Liga, Bundesliga, Serie A, Brasileirão Série A, Ligue 1, A-League Men
Unibet auto: loaded league config Premier League, La Liga, Bundesliga, Serie A, Brasileirão Série A, Ligue 1, A-League Men
Unibet auto: loaded league config Premier League, La Liga, Bundesliga, Serie A, Brasileirão Série A, Ligue 1, A-League Men
   Generating static pages using 7 workers (0/26) ...
[baseline-browser-mapping] The data in this module is over two months old.  To ensure accurate Baseline data, please update: `npm i baseline-browser-mapping@latest -D`
[baseline-browser-mapping] The data in this module is over two months old.  To ensure accurate Baseline data, please update: `npm i baseline-browser-mapping@latest -D`
   Generating static pages using 7 workers (6/26) 
   Generating static pages using 7 workers (12/26) 
Unibet auto: loaded league config Premier League, La Liga, Bundesliga, Serie A, Brasileirão Série A, Ligue 1, A-League Men
   Generating static pages using 7 workers (19/26) 
Unibet auto: loaded league config Premier League, La Liga, Bundesliga, Serie A, Brasileirão Série A, Ligue 1, A-League Men
 ✓ Generating static pages using 7 workers (26/26) in 2.7s
   Finalizing page optimization ...

Route (app)
┌ ƒ /
├ ○ /_not-found
├ ƒ /ai
├ ƒ /ai/user
├ ƒ /api/ai/generate-daily
├ ƒ /api/ai/generate-user
├ ƒ /api/ai/history
├ ƒ /api/analysis-eval
├ ƒ /api/analysis-snapshots
├ ƒ /api/backtest
├ ƒ /api/closing-lines
├ ƒ /api/debug
├ ƒ /api/debug/one
├ ƒ /api/everything
├ ƒ /api/match/[id]
├ ƒ /api/match/[id]/lineups
├ ƒ /api/matches/by-date
├ ƒ /api/matches/counts
├ ƒ /api/matches/ids
├ ƒ /api/matches/search
├ ƒ /api/matchups-league-avg
├ ƒ /api/matchups-score
├ ƒ /api/odds/tuples
├ ƒ /api/ping
├ ƒ /api/ranking-feedback
├ ƒ /api/result-loop
├ ƒ /api/teamprofiles
├ ƒ /api/watchlist
├ ƒ /match/[id]
├ ƒ /matches
└ ƒ /raz


○  (Static)   prerendered as static content
ƒ  (Dynamic)  server-rendered on demand

